<?xml version="1.0" encoding="UTF-8" ?>
<testsuites name="vitest tests" tests="1" failures="0" errors="0" time="0.106592611">
    <testsuite name="src/App.test.tsx" timestamp="2026-03-02T17:45:10.449Z" hostname="Saikiran" tests="1" failures="0" errors="0" skipped="0" time="0.106592611">
        <testcase classname="src/App.test.tsx" name="App &gt; renders without crashing" time="0.099903507">
        </testcase>
    </testsuite>
</testsuites>
